
 gcc -g p4original.c; ./a.out
enter the degree of the polynomial:2
enter the value of x:1
enter the coefficients of x^2:
1
enter the coefficients of x^1:
1
enter the coefficients of x^0:
1
the value of the polynomial at 1.000000 is 3.000000
 gdb a.out
GNU gdb (Ubuntu 8.1.1-0ubuntu1) 8.1.1
Copyright (C) 2018 Free Software Foundation, Inc.
License GPLv3+: GNU GPL version 3 or later <http://gnu.org/licenses/gpl.html>
This is free software: you are free to change and redistribute it.
There is NO WARRANTY, to the extent permitted by law.  Type "show copying"
and "show warranty" for details.
This GDB was configured as "x86_64-linux-gnu".
Type "show configuration" for configuration details.
For bug reporting instructions, please see:
<http://www.gnu.org/software/gdb/bugs/>.
Find the GDB manual and other documentation resources online at:
<http://www.gnu.org/software/gdb/documentation/>.
For help, type "help".
Type "apropos word" to search for commands related to "word"...
Reading symbols from a.out...done.
(gdb) b main
Breakpoint 1 at 0x943: file p4original.c, line 48.
(gdb) r
Starting program: /home/runner/Test3Session1-3/a.out 
warning: Error disabling address space randomization: Operation not permitted

Breakpoint 1, main () at p4original.c:48
48  {
(gdb) n
51    n=input_degree();
(gdb) n
enter the degree of the polynomial:2
52    float a[n];
(gdb) n
53    x=input_x();
(gdb) n
enter the value of x:1
54    input_coefficients(n,a);
(gdb) n
enter the coefficients of x^2:
1
enter the coefficients of x^1:
1
enter the coefficients of x^0:
1
55    result=evaluate_polynomial(n,a,x);
(gdb) n
56    out_put(n,a,x,result);
(gdb) n
the value of the polynomial at 1.000000 is 3.000000
57    return 0;
(gdb) c
Continuing.
[Inferior 1 (process 202) exited normally]
(gdb) 
